// Jest Snapshot v1, https://goo.gl/fbAQLP

exports[`App component renders presentational component 1`] = `
<div>
  <Component />
  <Component />
</div>
`;
