// Jest Snapshot v1, https://goo.gl/fbAQLP

exports[`Header component renders presentational component 1`] = `
<div>
  <h4>
    moments
  </h4>
  <img
    alt="logo"
    src="logo.svg"
  />
  <Auth />
</div>
`;
